// Jest Snapshot v1, https://goo.gl/fbAQLP

exports[`renders correctly 1`] = `
<RCTScrollView
  contentContainerStyle={
    Object {
      "alignItems": "flex-start",
      "justifyContent": "center",
      "marginBottom": 50,
      "padding": 15,
    }
  }
  refreshControl={
    <RefreshControlMock
      onRefresh={[Function]}
      refreshing={false}
    />
  }
  style={
    Object {
      "flex": 1,
      "marginBottom": 55,
      "marginTop": 63,
    }
  }
>
  <RCTRefreshControl />
  <View />
</RCTScrollView>
`;
